// Jest Snapshot v1, https://goo.gl/fbAQLP

exports[`<Forecast /> should match the snapshot 1`] = `"<div class=\\"sc-AxmLO dzSCew\\"><h3>Week</h3><h5>Click on each day to see the details</h5><div id=\\"1541430000heading\\" class=\\"sc-AxiKw eWlrAk\\"><div style=\\"align-items:start\\" class=\\"sc-AxhCb eeHLGY\\"><h4 class=\\"sc-AxjAm guIcNj\\">Monday</h4><h5 class=\\"sc-AxirZ cGfImr\\">5 Nov 18</h5></div><div class=\\"sc-AxhCb eeHLGY\\"><img src=\\"http://openweathermap.org/img/wn/10d@2x.png\\" alt=\\"\\"/><p class=\\"sc-AxgMl gNhA-Dl\\">Rain</p></div><div class=\\"sc-AxhCb eeHLGY\\"><p class=\\"sc-AxhUy iIDvKs\\">92%</p><p class=\\"sc-AxgMl gNhA-Dl\\">Clouds</p></div><div class=\\"sc-AxhCb eeHLGY\\"><p class=\\"sc-AxhUy sc-AxheI kazPFF\\">284.37째C</p><p class=\\"sc-AxhUy sc-Axmtr jcEKiY\\">284.673째C</p></div></div><div id=\\"1541430000heading\\" class=\\"sc-AxiKw eWlrAk\\"><div style=\\"align-items:start\\" class=\\"sc-AxhCb eeHLGY\\"><h4 class=\\"sc-AxjAm guIcNj\\">Monday</h4><h5 class=\\"sc-AxirZ cGfImr\\">5 Nov 18</h5></div><div class=\\"sc-AxhCb eeHLGY\\"><img src=\\"http://openweathermap.org/img/wn/10d@2x.png\\" alt=\\"\\"/><p class=\\"sc-AxgMl gNhA-Dl\\">Rain</p></div><div class=\\"sc-AxhCb eeHLGY\\"><p class=\\"sc-AxhUy iIDvKs\\">92%</p><p class=\\"sc-AxgMl gNhA-Dl\\">Clouds</p></div><div class=\\"sc-AxhCb eeHLGY\\"><p class=\\"sc-AxhUy sc-AxheI kazPFF\\">284.37째C</p><p class=\\"sc-AxhUy sc-Axmtr jcEKiY\\">284.673째C</p></div></div></div>"`;
